1 Fila de prioridade no instante atual: 
100 200 
   1:0 0 100
1:0 0 2147483647
   2:0 0 200

100
2
2 Fila de prioridade no instante atual: 
200 
2:0 0 200

200
1
