1 Fila de prioridade no instante atual: 
100 200 300 400 500 600 700 800 
         1:0 0 100
      1:0 0 2147483647
            2:0 0 200
         2:0 0 2147483647
            3:0 0 300
   1:0 0 2147483647
            4:0 0 400
         4:0 0 2147483647
            5:0 0 500
      4:0 0 2147483647
            6:0 0 600
         6:0 0 2147483647
            7:0 0 700
1:0 0 2147483647
   8:0 0 800

100
8
